[INFO] Scanning for projects...
[INFO] 
[INFO] ------------------------< br.com.sebratel:bff >-------------------------
[INFO] Building bff 1.0.2-SNAPSHOT
[INFO]   from pom.xml
[INFO] --------------------------------[ jar ]---------------------------------
[INFO] 
[INFO] --- jacoco:0.8.12:prepare-agent (default) @ bff ---
[INFO] argLine set to -javaagent:/home/israelbarcelos/.m2/repository/org/jacoco/org.jacoco.agent/0.8.12/org.jacoco.agent-0.8.12-runtime.jar=destfile=/home/israelbarcelos/.cline/worktrees/c61d3/dev_SpringBoot_APIGateway/target/jacoco.exec
[INFO] 
[INFO] --- resources:3.3.1:resources (default-resources) @ bff ---
[INFO] Copying 3 resources from src/main/resources to target/classes
[INFO] Copying 2 resources from src/main/resources to target/classes
[INFO] 
[INFO] --- compiler:3.13.0:compile (default-compile) @ bff ---
[INFO] Nothing to compile - all classes are up to date.
[INFO] 
[INFO] --- resources:3.3.1:testResources (default-testResources) @ bff ---
[INFO] Copying 27 resources from src/test/resources to target/test-classes
[INFO] 
[INFO] --- compiler:3.13.0:testCompile (default-testCompile) @ bff ---
[INFO] Recompiling the module because of changed source code.
[INFO] Compiling 104 source files with javac [debug parameters release 21] to target/test-classes
[INFO] Annotation processing is enabled because one or more processors were found
  on the class path. A future release of javac may disable annotation processing
  unless at least one processor is specified by name (-processor), or a search
  path is specified (--processor-path, --processor-module-path), or annotation
  processing is enabled explicitly (-proc:only, -proc:full).
  Use -Xlint:-options to suppress this message.
  Use -proc:none to disable annotation processing.
[INFO] /home/israelbarcelos/.cline/worktrees/c61d3/dev_SpringBoot_APIGateway/src/test/java/br/com/sebratel/bff/service/AffectedUserServiceTest.java: Some input files use unchecked or unsafe operations.
[INFO] /home/israelbarcelos/.cline/worktrees/c61d3/dev_SpringBoot_APIGateway/src/test/java/br/com/sebratel/bff/service/AffectedUserServiceTest.java: Recompile with -Xlint:unchecked for details.
[INFO] 
[INFO] --- surefire:3.2.5:test (default-test) @ bff ---
[INFO] Using auto detected provider org.apache.maven.surefire.junitplatform.JUnitPlatformProvider
[INFO] 
[INFO] -------------------------------------------------------
[INFO]  T E S T S
[INFO] -------------------------------------------------------
[INFO] Running br.com.sebratel.bff.service.massivas.AdicionarMassivaNoEllevenApiServiceTest
Mockito is currently self-attaching to enable the inline-mock-maker. This will no longer work in future releases of the JDK. Please add Mockito as an agent to your build what is described in Mockito's documentation: https://javadoc.io/doc/org.mockito/mockito-core/latest/org/mockito/Mockito.html#0.3
OpenJDK 64-Bit Server VM warning: Sharing is only supported for boot loader classes because bootstrap classpath has been appended
16:45:50.826 [main] INFO br.com.sebratel.bff.utils.JwtInformation -- Processando requisição para: Test User (test@sebratel.com.br)
16:45:50.834 [main] INFO br.com.sebratel.bff.service.massivas.AdicionarMassivaNoEllevenApiService -- [MASSIVA] Usuário Test User (test@sebratel.com.br) solicitando abertura de registro: 'Test Title'. Total de usuários afetados: 1
16:45:50.837 [main] INFO br.com.sebratel.bff.service.massivas.AdicionarMassivaNoEllevenApiService -- [MASSIVA] Regra de negócio aplicada: IncidentTypeId definido como 1257
16:45:50.837 [main] INFO br.com.sebratel.bff.service.massivas.AdicionarMassivaNoEllevenApiService -- [MASSIVA] Enviando payload para Elleven API: https://erp.sebratel.net.br:45715/external/integrations/thirdparty/opendetailedsolicitation
16:45:50.838 [main] INFO br.com.sebratel.bff.service.massivas.AdicionarMassivaNoEllevenApiService -- [MASSIVA] Sucesso! Registro criado no Elleven em 1ms. Resposta: AberturaRegistroMassivoOutputDTO(success=false, messages=null, response=null, dataResponseType=null, elapsedTime=null)
16:45:51.046 [main] INFO br.com.sebratel.bff.utils.JwtInformation -- Processando requisição para: Test User (test@sebratel.com.br)
16:45:51.046 [main] INFO br.com.sebratel.bff.service.massivas.AdicionarMassivaNoEllevenApiService -- [MASSIVA] Usuário Test User (test@sebratel.com.br) solicitando abertura de registro: 'Test Title'. Total de usuários afetados: 16
16:45:51.047 [main] INFO br.com.sebratel.bff.service.massivas.AdicionarMassivaNoEllevenApiService -- [MASSIVA] Regra de negócio aplicada: IncidentTypeId definido como 1257
16:45:51.048 [main] INFO br.com.sebratel.bff.service.massivas.AdicionarMassivaNoEllevenApiService -- [MASSIVA] Enviando payload para Elleven API: https://erp.sebratel.net.br:45715/external/integrations/thirdparty/opendetailedsolicitation
16:45:51.049 [main] INFO br.com.sebratel.bff.service.massivas.AdicionarMassivaNoEllevenApiService -- [MASSIVA] Sucesso! Registro criado no Elleven em 1ms. Resposta: AberturaRegistroMassivoOutputDTO(success=false, messages=null, response=null, dataResponseType=null, elapsedTime=null)
16:45:51.078 [main] INFO br.com.sebratel.bff.utils.JwtInformation -- Processando requisição para: Test User (test@sebratel.com.br)
16:45:51.079 [main] INFO br.com.sebratel.bff.service.massivas.AdicionarMassivaNoEllevenApiService -- [MASSIVA] Usuário Test User (test@sebratel.com.br) solicitando abertura de registro: 'Test Title'. Total de usuários afetados: 1
16:45:51.079 [main] ERROR br.com.sebratel.bff.service.massivas.AdicionarMassivaNoEllevenApiService -- [MASSIVA-ERRO] Falha crítica ao processar massiva. Título: Test Title. Causa: Critical error
java.lang.RuntimeException: Critical error
	at br.com.sebratel.bff.service.RecuperarTokenDoUsuarioIntegradorEllevenService.executar(RecuperarTokenDoUsuarioIntegradorEllevenService.java:1)
	at br.com.sebratel.bff.service.massivas.AdicionarMassivaNoEllevenApiService.executar(AdicionarMassivaNoEllevenApiService.java:58)
	at br.com.sebratel.bff.service.massivas.AdicionarMassivaNoEllevenApiServiceTest.lambda$executarComExceptionGeral$3(AdicionarMassivaNoEllevenApiServiceTest.java:319)
	at org.junit.jupiter.api.AssertThrows.assertThrows(AssertThrows.java:53)
	at org.junit.jupiter.api.AssertThrows.assertThrows(AssertThrows.java:35)
	at org.junit.jupiter.api.Assertions.assertThrows(Assertions.java:3128)
	at br.com.sebratel.bff.service.massivas.AdicionarMassivaNoEllevenApiServiceTest.executarComExceptionGeral(AdicionarMassivaNoEllevenApiServiceTest.java:319)
	at java.base/jdk.internal.reflect.DirectMethodHandleAccessor.invoke(DirectMethodHandleAccessor.java:103)
	at java.base/java.lang.reflect.Method.invoke(Method.java:580)
	at org.junit.platform.commons.util.ReflectionUtils.invokeMethod(ReflectionUtils.java:767)
	at org.junit.jupiter.engine.execution.MethodInvocation.proceed(MethodInvocation.java:60)
	at org.junit.jupiter.engine.execution.InvocationInterceptorChain$ValidatingInvocation.proceed(InvocationInterceptorChain.java:131)
	at org.junit.jupiter.engine.extension.TimeoutExtension.intercept(TimeoutExtension.java:156)
	at org.junit.jupiter.engine.extension.TimeoutExtension.interceptTestableMethod(TimeoutExtension.java:147)
	at org.junit.jupiter.engine.extension.TimeoutExtension.interceptTestMethod(TimeoutExtension.java:86)
	at org.junit.jupiter.engine.execution.InterceptingExecutableInvoker$ReflectiveInterceptorCall.lambda$ofVoidMethod$0(InterceptingExecutableInvoker.java:103)
	at org.junit.jupiter.engine.execution.InterceptingExecutableInvoker.lambda$invoke$0(InterceptingExecutableInvoker.java:93)
	at org.junit.jupiter.engine.execution.InvocationInterceptorChain$InterceptedInvocation.proceed(InvocationInterceptorChain.java:106)
	at org.junit.jupiter.engine.execution.InvocationInterceptorChain.proceed(InvocationInterceptorChain.java:64)
	at org.junit.jupiter.engine.execution.InvocationInterceptorChain.chainAndInvoke(InvocationInterceptorChain.java:45)
	at org.junit.jupiter.engine.execution.InvocationInterceptorChain.invoke(InvocationInterceptorChain.java:37)
	at org.junit.jupiter.engine.execution.InterceptingExecutableInvoker.invoke(InterceptingExecutableInvoker.java:92)
	at org.junit.jupiter.engine.execution.InterceptingExecutableInvoker.invoke(InterceptingExecutableInvoker.java:86)
	at org.junit.jupiter.engine.descriptor.TestMethodTestDescriptor.lambda$invokeTestMethod$8(TestMethodTestDescriptor.java:217)
	at org.junit.platform.engine.support.hierarchical.ThrowableCollector.execute(ThrowableCollector.java:73)
	at org.junit.jupiter.engine.descriptor.TestMethodTestDescriptor.invokeTestMethod(TestMethodTestDescriptor.java:213)
	at org.junit.jupiter.engine.descriptor.TestMethodTestDescriptor.execute(TestMethodTestDescriptor.java:138)
	at org.junit.jupiter.engine.descriptor.TestMethodTestDescriptor.execute(TestMethodTestDescriptor.java:68)
	at org.junit.platform.engine.support.hierarchical.NodeTestTask.lambda$executeRecursively$6(NodeTestTask.java:156)
	at org.junit.platform.engine.support.hierarchical.ThrowableCollector.execute(ThrowableCollector.java:73)
	at org.junit.platform.engine.support.hierarchical.NodeTestTask.lambda$executeRecursively$8(NodeTestTask.java:146)
	at org.junit.platform.engine.support.hierarchical.Node.around(Node.java:137)
	at org.junit.platform.engine.support.hierarchical.NodeTestTask.lambda$executeRecursively$9(NodeTestTask.java:144)
	at org.junit.platform.engine.support.hierarchical.ThrowableCollector.execute(ThrowableCollector.java:73)
	at org.junit.platform.engine.support.hierarchical.NodeTestTask.executeRecursively(NodeTestTask.java:143)
	at org.junit.platform.engine.support.hierarchical.NodeTestTask.execute(NodeTestTask.java:100)
	at java.base/java.util.ArrayList.forEach(ArrayList.java:1596)
	at org.junit.platform.engine.support.hierarchical.SameThreadHierarchicalTestExecutorService.invokeAll(SameThreadHierarchicalTestExecutorService.java:41)
	at org.junit.platform.engine.support.hierarchical.NodeTestTask.lambda$executeRecursively$6(NodeTestTask.java:160)
	at org.junit.platform.engine.support.hierarchical.ThrowableCollector.execute(ThrowableCollector.java:73)
	at org.junit.platform.engine.support.hierarchical.NodeTestTask.lambda$executeRecursively$8(NodeTestTask.java:146)
	at org.junit.platform.engine.support.hierarchical.Node.around(Node.java:137)
	at org.junit.platform.engine.support.hierarchical.NodeTestTask.lambda$executeRecursively$9(NodeTestTask.java:144)
	at org.junit.platform.engine.support.hierarchical.ThrowableCollector.execute(ThrowableCollector.java:73)
	at org.junit.platform.engine.support.hierarchical.NodeTestTask.executeRecursively(NodeTestTask.java:143)
	at org.junit.platform.engine.support.hierarchical.NodeTestTask.execute(NodeTestTask.java:100)
	at java.base/java.util.ArrayList.forEach(ArrayList.java:1596)
	at org.junit.platform.engine.support.hierarchical.SameThreadHierarchicalTestExecutorService.invokeAll(SameThreadHierarchicalTestExecutorService.java:41)
	at org.junit.platform.engine.support.hierarchical.NodeTestTask.lambda$executeRecursively$6(NodeTestTask.java:160)
	at org.junit.platform.engine.support.hierarchical.ThrowableCollector.execute(ThrowableCollector.java:73)
	at org.junit.platform.engine.support.hierarchical.NodeTestTask.lambda$executeRecursively$8(NodeTestTask.java:146)
	at org.junit.platform.engine.support.hierarchical.Node.around(Node.java:137)
	at org.junit.platform.engine.support.hierarchical.NodeTestTask.lambda$executeRecursively$9(NodeTestTask.java:144)
	at org.junit.platform.engine.support.hierarchical.ThrowableCollector.execute(ThrowableCollector.java:73)
	at org.junit.platform.engine.support.hierarchical.NodeTestTask.executeRecursively(NodeTestTask.java:143)
	at org.junit.platform.engine.support.hierarchical.NodeTestTask.execute(NodeTestTask.java:100)
	at org.junit.platform.engine.support.hierarchical.SameThreadHierarchicalTestExecutorService.submit(SameThreadHierarchicalTestExecutorService.java:35)
	at org.junit.platform.engine.support.hierarchical.HierarchicalTestExecutor.execute(HierarchicalTestExecutor.java:57)
	at org.junit.platform.engine.support.hierarchical.HierarchicalTestEngine.execute(HierarchicalTestEngine.java:54)
	at org.junit.platform.launcher.core.EngineExecutionOrchestrator.execute(EngineExecutionOrchestrator.java:198)
	at org.junit.platform.launcher.core.EngineExecutionOrchestrator.execute(EngineExecutionOrchestrator.java:169)
	at org.junit.platform.launcher.core.EngineExecutionOrchestrator.execute(EngineExecutionOrchestrator.java:93)
	at org.junit.platform.launcher.core.EngineExecutionOrchestrator.lambda$execute$0(EngineExecutionOrchestrator.java:58)
	at org.junit.platform.launcher.core.EngineExecutionOrchestrator.withInterceptedStreams(EngineExecutionOrchestrator.java:141)
	at org.junit.platform.launcher.core.EngineExecutionOrchestrator.execute(EngineExecutionOrchestrator.java:57)
	at org.junit.platform.launcher.core.DefaultLauncher.execute(DefaultLauncher.java:103)
	at org.junit.platform.launcher.core.DefaultLauncher.execute(DefaultLauncher.java:85)
	at org.junit.platform.launcher.core.DelegatingLauncher.execute(DelegatingLauncher.java:47)
	at org.apache.maven.surefire.junitplatform.LazyLauncher.execute(LazyLauncher.java:56)
	at org.apache.maven.surefire.junitplatform.JUnitPlatformProvider.execute(JUnitPlatformProvider.java:184)
	at org.apache.maven.surefire.junitplatform.JUnitPlatformProvider.invokeAllTests(JUnitPlatformProvider.java:148)
	at org.apache.maven.surefire.junitplatform.JUnitPlatformProvider.invoke(JUnitPlatformProvider.java:122)
	at org.apache.maven.surefire.booter.ForkedBooter.runSuitesInProcess(ForkedBooter.java:385)
	at org.apache.maven.surefire.booter.ForkedBooter.execute(ForkedBooter.java:162)
	at org.apache.maven.surefire.booter.ForkedBooter.run(ForkedBooter.java:507)
	at org.apache.maven.surefire.booter.ForkedBooter.main(ForkedBooter.java:495)
16:45:51.194 [main] INFO br.com.sebratel.bff.utils.JwtInformation -- Processando requisição para: Test User (test@sebratel.com.br)
16:45:51.195 [main] INFO br.com.sebratel.bff.service.massivas.AdicionarMassivaNoEllevenApiService -- [MASSIVA] Usuário Test User (test@sebratel.com.br) solicitando abertura de registro: 'Test Title'. Total de usuários afetados: 1
16:45:51.195 [main] INFO br.com.sebratel.bff.service.massivas.AdicionarMassivaNoEllevenApiService -- [MASSIVA] Regra de negócio aplicada: IncidentTypeId definido como 1265
16:45:51.195 [main] INFO br.com.sebratel.bff.service.massivas.AdicionarMassivaNoEllevenApiService -- [MASSIVA] Enviando payload para Elleven API: https://erp.sebratel.net.br:45715/external/integrations/thirdparty/opendetailedsolicitation
16:45:51.202 [main] ERROR br.com.sebratel.bff.service.massivas.AdicionarMassivaNoEllevenApiService -- [MASSIVA-ERRO] Erro de autenticação (401) na API Elleven. Verificando limpeza de cache.
16:45:51.235 [main] INFO br.com.sebratel.bff.utils.JwtInformation -- Processando requisição para: Test User (test@sebratel.com.br)
16:45:51.235 [main] INFO br.com.sebratel.bff.service.massivas.AdicionarMassivaNoEllevenApiService -- [MASSIVA] Usuário Test User (test@sebratel.com.br) solicitando abertura de registro: 'Test Title'. Total de usuários afetados: 5
16:45:51.236 [main] INFO br.com.sebratel.bff.service.massivas.AdicionarMassivaNoEllevenApiService -- [MASSIVA] Regra de negócio aplicada: IncidentTypeId definido como 1265
16:45:51.236 [main] INFO br.com.sebratel.bff.service.massivas.AdicionarMassivaNoEllevenApiService -- [MASSIVA] Enviando payload para Elleven API: https://erp.sebratel.net.br:45715/external/integrations/thirdparty/opendetailedsolicitation
16:45:51.236 [main] INFO br.com.sebratel.bff.service.massivas.AdicionarMassivaNoEllevenApiService -- [MASSIVA] Sucesso! Registro criado no Elleven em 0ms. Resposta: AberturaRegistroMassivoOutputDTO(success=false, messages=null, response=null, dataResponseType=null, elapsedTime=null)
16:45:51.311 [main] INFO br.com.sebratel.bff.utils.JwtInformation -- Processando requisição para: Test User (test@sebratel.com.br)
16:45:51.311 [main] INFO br.com.sebratel.bff.service.massivas.AdicionarMassivaNoEllevenApiService -- [MASSIVA] Usuário Test User (test@sebratel.com.br) solicitando abertura de registro: 'Test Title'. Total de usuários afetados: 1
16:45:51.311 [main] INFO br.com.sebratel.bff.service.massivas.AdicionarMassivaNoEllevenApiService -- [MASSIVA] Regra de negócio aplicada: IncidentTypeId definido como 1265
16:45:51.311 [main] INFO br.com.sebratel.bff.service.massivas.AdicionarMassivaNoEllevenApiService -- [MASSIVA] Enviando payload para Elleven API: https://erp.sebratel.net.br:45715/external/integrations/thirdparty/opendetailedsolicitation
16:45:51.312 [main] ERROR br.com.sebratel.bff.service.massivas.AdicionarMassivaNoEllevenApiService -- [MASSIVA-ERRO] Erro de autenticação (401) na API Elleven. Verificando limpeza de cache.
16:45:51.312 [main] WARN br.com.sebratel.bff.service.massivas.AdicionarMassivaNoEllevenApiService -- [MASSIVA-CACHE] Token inválido detectado. Evicting 'token-static-key' do cache.
16:45:51.321 [main] INFO br.com.sebratel.bff.utils.JwtInformation -- Processando requisição para: Test User (test@sebratel.com.br)
16:45:51.321 [main] INFO br.com.sebratel.bff.service.massivas.AdicionarMassivaNoEllevenApiService -- [MASSIVA] Usuário Test User (test@sebratel.com.br) solicitando abertura de registro: 'Test Title'. Total de usuários afetados: 0
16:45:51.322 [main] ERROR br.com.sebratel.bff.service.massivas.AdicionarMassivaNoEllevenApiService -- [MASSIVA-ERRO] Falha crítica ao processar massiva. Título: Test Title. Causa: Cannot invoke "java.util.List.stream()" because the return value of "br.com.sebratel.bff.dto.massivas.api.AberturaRegistroMassivoInputDTO.getAffectedUsers()" is null
java.lang.NullPointerException: Cannot invoke "java.util.List.stream()" because the return value of "br.com.sebratel.bff.dto.massivas.api.AberturaRegistroMassivoInputDTO.getAffectedUsers()" is null
	at br.com.sebratel.bff.service.massivas.AdicionarMassivaNoEllevenApiService.decideForIncidentOrMassiveEvent(AdicionarMassivaNoEllevenApiService.java:109)
	at br.com.sebratel.bff.service.massivas.AdicionarMassivaNoEllevenApiService.executar(AdicionarMassivaNoEllevenApiService.java:62)
	at br.com.sebratel.bff.service.massivas.AdicionarMassivaNoEllevenApiServiceTest.executarComAffectedUsersNullDeveTratarComoListaVazia(AdicionarMassivaNoEllevenApiServiceTest.java:353)
	at java.base/jdk.internal.reflect.DirectMethodHandleAccessor.invoke(DirectMethodHandleAccessor.java:103)
	at java.base/java.lang.reflect.Method.invoke(Method.java:580)
	at org.junit.platform.commons.util.ReflectionUtils.invokeMethod(ReflectionUtils.java:767)
	at org.junit.jupiter.engine.execution.MethodInvocation.proceed(MethodInvocation.java:60)
	at org.junit.jupiter.engine.execution.InvocationInterceptorChain$ValidatingInvocation.proceed(InvocationInterceptorChain.java:131)
	at org.junit.jupiter.engine.extension.TimeoutExtension.intercept(TimeoutExtension.java:156)
	at org.junit.jupiter.engine.extension.TimeoutExtension.interceptTestableMethod(TimeoutExtension.java:147)
	at org.junit.jupiter.engine.extension.TimeoutExtension.interceptTestMethod(TimeoutExtension.java:86)
	at org.junit.jupiter.engine.execution.InterceptingExecutableInvoker$ReflectiveInterceptorCall.lambda$ofVoidMethod$0(InterceptingExecutableInvoker.java:103)
	at org.junit.jupiter.engine.execution.InterceptingExecutableInvoker.lambda$invoke$0(InterceptingExecutableInvoker.java:93)
	at org.junit.jupiter.engine.execution.InvocationInterceptorChain$InterceptedInvocation.proceed(InvocationInterceptorChain.java:106)
	at org.junit.jupiter.engine.execution.InvocationInterceptorChain.proceed(InvocationInterceptorChain.java:64)
	at org.junit.jupiter.engine.execution.InvocationInterceptorChain.chainAndInvoke(InvocationInterceptorChain.java:45)
	at org.junit.jupiter.engine.execution.InvocationInterceptorChain.invoke(InvocationInterceptorChain.java:37)
	at org.junit.jupiter.engine.execution.InterceptingExecutableInvoker.invoke(InterceptingExecutableInvoker.java:92)
	at org.junit.jupiter.engine.execution.InterceptingExecutableInvoker.invoke(InterceptingExecutableInvoker.java:86)
	at org.junit.jupiter.engine.descriptor.TestMethodTestDescriptor.lambda$invokeTestMethod$8(TestMethodTestDescriptor.java:217)
	at org.junit.platform.engine.support.hierarchical.ThrowableCollector.execute(ThrowableCollector.java:73)
	at org.junit.jupiter.engine.descriptor.TestMethodTestDescriptor.invokeTestMethod(TestMethodTestDescriptor.java:213)
	at org.junit.jupiter.engine.descriptor.TestMethodTestDescriptor.execute(TestMethodTestDescriptor.java:138)
	at org.junit.jupiter.engine.descriptor.TestMethodTestDescriptor.execute(TestMethodTestDescriptor.java:68)
	at org.junit.platform.engine.support.hierarchical.NodeTestTask.lambda$executeRecursively$6(NodeTestTask.java:156)
	at org.junit.platform.engine.support.hierarchical.ThrowableCollector.execute(ThrowableCollector.java:73)
	at org.junit.platform.engine.support.hierarchical.NodeTestTask.lambda$executeRecursively$8(NodeTestTask.java:146)
	at org.junit.platform.engine.support.hierarchical.Node.around(Node.java:137)
	at org.junit.platform.engine.support.hierarchical.NodeTestTask.lambda$executeRecursively$9(NodeTestTask.java:144)
	at org.junit.platform.engine.support.hierarchical.ThrowableCollector.execute(ThrowableCollector.java:73)
	at org.junit.platform.engine.support.hierarchical.NodeTestTask.executeRecursively(NodeTestTask.java:143)
	at org.junit.platform.engine.support.hierarchical.NodeTestTask.execute(NodeTestTask.java:100)
	at java.base/java.util.ArrayList.forEach(ArrayList.java:1596)
	at org.junit.platform.engine.support.hierarchical.SameThreadHierarchicalTestExecutorService.invokeAll(SameThreadHierarchicalTestExecutorService.java:41)
	at org.junit.platform.engine.support.hierarchical.NodeTestTask.lambda$executeRecursively$6(NodeTestTask.java:160)
	at org.junit.platform.engine.support.hierarchical.ThrowableCollector.execute(ThrowableCollector.java:73)
	at org.junit.platform.engine.support.hierarchical.NodeTestTask.lambda$executeRecursively$8(NodeTestTask.java:146)
	at org.junit.platform.engine.support.hierarchical.Node.around(Node.java:137)
	at org.junit.platform.engine.support.hierarchical.NodeTestTask.lambda$executeRecursively$9(NodeTestTask.java:144)
	at org.junit.platform.engine.support.hierarchical.ThrowableCollector.execute(ThrowableCollector.java:73)
	at org.junit.platform.engine.support.hierarchical.NodeTestTask.executeRecursively(NodeTestTask.java:143)
	at org.junit.platform.engine.support.hierarchical.NodeTestTask.execute(NodeTestTask.java:100)
	at java.base/java.util.ArrayList.forEach(ArrayList.java:1596)
	at org.junit.platform.engine.support.hierarchical.SameThreadHierarchicalTestExecutorService.invokeAll(SameThreadHierarchicalTestExecutorService.java:41)
	at org.junit.platform.engine.support.hierarchical.NodeTestTask.lambda$executeRecursively$6(NodeTestTask.java:160)
	at org.junit.platform.engine.support.hierarchical.ThrowableCollector.execute(ThrowableCollector.java:73)
	at org.junit.platform.engine.support.hierarchical.NodeTestTask.lambda$executeRecursively$8(NodeTestTask.java:146)
	at org.junit.platform.engine.support.hierarchical.Node.around(Node.java:137)
	at org.junit.platform.engine.support.hierarchical.NodeTestTask.lambda$executeRecursively$9(NodeTestTask.java:144)
	at org.junit.platform.engine.support.hierarchical.ThrowableCollector.execute(ThrowableCollector.java:73)
	at org.junit.platform.engine.support.hierarchical.NodeTestTask.executeRecursively(NodeTestTask.java:143)
	at org.junit.platform.engine.support.hierarchical.NodeTestTask.execute(NodeTestTask.java:100)
	at org.junit.platform.engine.support.hierarchical.SameThreadHierarchicalTestExecutorService.submit(SameThreadHierarchicalTestExecutorService.java:35)
	at org.junit.platform.engine.support.hierarchical.HierarchicalTestExecutor.execute(HierarchicalTestExecutor.java:57)
	at org.junit.platform.engine.support.hierarchical.HierarchicalTestEngine.execute(HierarchicalTestEngine.java:54)
	at org.junit.platform.launcher.core.EngineExecutionOrchestrator.execute(EngineExecutionOrchestrator.java:198)
	at org.junit.platform.launcher.core.EngineExecutionOrchestrator.execute(EngineExecutionOrchestrator.java:169)
	at org.junit.platform.launcher.core.EngineExecutionOrchestrator.execute(EngineExecutionOrchestrator.java:93)
	at org.junit.platform.launcher.core.EngineExecutionOrchestrator.lambda$execute$0(EngineExecutionOrchestrator.java:58)
	at org.junit.platform.launcher.core.EngineExecutionOrchestrator.withInterceptedStreams(EngineExecutionOrchestrator.java:141)
	at org.junit.platform.launcher.core.EngineExecutionOrchestrator.execute(EngineExecutionOrchestrator.java:57)
	at org.junit.platform.launcher.core.DefaultLauncher.execute(DefaultLauncher.java:103)
	at org.junit.platform.launcher.core.DefaultLauncher.execute(DefaultLauncher.java:85)
	at org.junit.platform.launcher.core.DelegatingLauncher.execute(DelegatingLauncher.java:47)
	at org.apache.maven.surefire.junitplatform.LazyLauncher.execute(LazyLauncher.java:56)
	at org.apache.maven.surefire.junitplatform.JUnitPlatformProvider.execute(JUnitPlatformProvider.java:184)
	at org.apache.maven.surefire.junitplatform.JUnitPlatformProvider.invokeAllTests(JUnitPlatformProvider.java:148)
	at org.apache.maven.surefire.junitplatform.JUnitPlatformProvider.invoke(JUnitPlatformProvider.java:122)
	at org.apache.maven.surefire.booter.ForkedBooter.runSuitesInProcess(ForkedBooter.java:385)
	at org.apache.maven.surefire.booter.ForkedBooter.execute(ForkedBooter.java:162)
	at org.apache.maven.surefire.booter.ForkedBooter.run(ForkedBooter.java:507)
	at org.apache.maven.surefire.booter.ForkedBooter.main(ForkedBooter.java:495)
16:45:51.348 [main] INFO br.com.sebratel.bff.utils.JwtInformation -- Processando requisição para: Test User (test@sebratel.com.br)
16:45:51.348 [main] INFO br.com.sebratel.bff.service.massivas.AdicionarMassivaNoEllevenApiService -- [MASSIVA] Usuário Test User (test@sebratel.com.br) solicitando abertura de registro: 'Test Title'. Total de usuários afetados: 1
16:45:51.348 [main] INFO br.com.sebratel.bff.service.massivas.AdicionarMassivaNoEllevenApiService -- [MASSIVA] Regra de negócio aplicada: IncidentTypeId definido como 1265
16:45:51.348 [main] INFO br.com.sebratel.bff.service.massivas.AdicionarMassivaNoEllevenApiService -- [MASSIVA] Enviando payload para Elleven API: https://erp.sebratel.net.br:45715/external/integrations/thirdparty/opendetailedsolicitation
16:45:51.350 [main] ERROR br.com.sebratel.bff.service.massivas.AdicionarMassivaNoEllevenApiService -- [MASSIVA-ERRO] Falha na API Elleven. Status: null. Response Body: null
[ERROR] Tests run: 8, Failures: 0, Errors: 1, Skipped: 0, Time elapsed: 7.574 s <<< FAILURE! -- in br.com.sebratel.bff.service.massivas.AdicionarMassivaNoEllevenApiServiceTest
[ERROR] br.com.sebratel.bff.service.massivas.AdicionarMassivaNoEllevenApiServiceTest.executarComAffectedUsersNullDeveTratarComoListaVazia -- Time elapsed: 0.015 s <<< ERROR!
java.lang.NullPointerException: Cannot invoke "java.util.List.stream()" because the return value of "br.com.sebratel.bff.dto.massivas.api.AberturaRegistroMassivoInputDTO.getAffectedUsers()" is null
	at br.com.sebratel.bff.service.massivas.AdicionarMassivaNoEllevenApiService.decideForIncidentOrMassiveEvent(AdicionarMassivaNoEllevenApiService.java:109)
	at br.com.sebratel.bff.service.massivas.AdicionarMassivaNoEllevenApiService.executar(AdicionarMassivaNoEllevenApiService.java:62)
	at br.com.sebratel.bff.service.massivas.AdicionarMassivaNoEllevenApiServiceTest.executarComAffectedUsersNullDeveTratarComoListaVazia(AdicionarMassivaNoEllevenApiServiceTest.java:353)
	at java.base/java.lang.reflect.Method.invoke(Method.java:580)
	at java.base/java.util.ArrayList.forEach(ArrayList.java:1596)
	at java.base/java.util.ArrayList.forEach(ArrayList.java:1596)

[INFO] 
[INFO] Results:
[INFO] 
[ERROR] Errors: 
[ERROR]   AdicionarMassivaNoEllevenApiServiceTest.executarComAffectedUsersNullDeveTratarComoListaVazia:353 » NullPointer Cannot invoke "java.util.List.stream()" because the return value of "br.com.sebratel.bff.dto.massivas.api.AberturaRegistroMassivoInputDTO.getAffectedUsers()" is null
[INFO] 
[ERROR] Tests run: 8, Failures: 0, Errors: 1, Skipped: 0
[INFO] 
[INFO] ------------------------------------------------------------------------
[INFO] BUILD FAILURE
[INFO] ------------------------------------------------------------------------
[INFO] Total time:  16.160 s
[INFO] Finished at: 2026-05-07T16:45:51-03:00
[INFO] ------------------------------------------------------------------------
[ERROR] Failed to execute goal org.apache.maven.plugins:maven-surefire-plugin:3.2.5:test (default-test) on project bff: 
[ERROR] 
[ERROR] Please refer to /home/israelbarcelos/.cline/worktrees/c61d3/dev_SpringBoot_APIGateway/target/surefire-reports for the individual test results.
[ERROR] Please refer to dump files (if any exist) [date].dump, [date]-jvmRun[N].dump and [date].dumpstream.
[ERROR] -> [Help 1]
[ERROR] 
[ERROR] To see the full stack trace of the errors, re-run Maven with the -e switch.
[ERROR] Re-run Maven using the -X switch to enable full debug logging.
[ERROR] 
[ERROR] For more information about the errors and possible solutions, please read the following articles:
[ERROR] [Help 1] http://cwiki.apache.org/confluence/display/MAVEN/MojoFailureException
